// Jest Snapshot v1, https://goo.gl/fbAQLP

exports[`Footer should be render 1`] = `
<div>
  <div
    class="footer"
  >
    <a
      href="https://github.com/iJoise/"
    >
      GitHub
    </a>
    <a
      href="https://www.linkedin.com/in/kondratevk/"
    >
      Linkedin
    </a>
  </div>
</div>
`;
